
> missio@0.7.3 build
> npm run build:schema && node esbuild.js --production


> missio@0.7.3 build:schema
> node schema/build-schema.js

  + $defs/AuthCliCache
  + $defs/AuthCli
  + $defs/SecretProvider
  + $defs/CollectionConfig/properties/secretProviders ÔÇö Add secretProviders array to CollectionConfig
  + $defs/CollectionConfig/properties/forceAuthInherit ÔÇö Add forceAuthInherit to CollectionConfig for overriding auth inheritance
  + $defs/OAuth2ClientCredentialsFlow/properties/credentialsId ÔÇö Add credentialsId to OAuth2ClientCredentialsFlow
  + $defs/OAuth2ResourceOwnerPasswordFlow/properties/credentialsId ÔÇö Add credentialsId to OAuth2ResourceOwnerPasswordFlow
  + $defs/OAuth2AuthorizationCodeFlow/properties/credentialsId ÔÇö Add credentialsId to OAuth2AuthorizationCodeFlow
  + $defs/Auth/oneOf[] ÔÇö Add AuthCli to Auth oneOf

Schema written to schema\opencollectionschema.json
